[unique-operator-081908.framer.app/index.html]
[backblue.gif]
[fade.gif]
[index.html]
[framerusercontent.com/sites/icons/default-favicon.v3.png]
[unique-operator-081908.framer.app/contact.html]
[unique-operator-081908.framer.app/projects/arc-chair.html]
[framerusercontent.com/images/bGsRm15HiAQfVBEOER3bylxBoa3fc.jpg]
[unique-operator-081908.framer.app/projects/mvp-hackathon-for-a-social-networking-app.html]
[framerusercontent.com/images/bx4IKUrnXhy725lOp2xgZSfJ0aM.jpg]
[unique-operator-081908.framer.app/projects/enhancing-e-commerce-cx.html]
[framerusercontent.com/images/tZWSvKNzR24yKnyBXzobP5orcMAa3fc.jpg]
[unique-operator-081908.framer.app/projects/metta-stool.html]
[framerusercontent.com/images/Bbkkbm1UKkFMTCNPYWug66NYr8.png]
[unique-operator-081908.framer.app/index.html]
[unique-operator-081908.framer.app/contact.html]
[unique-operator-081908.framer.app/projects/arc-chair.html]
[unique-operator-081908.framer.app/projects/mvp-hackathon-for-a-social-networking-app.html]
[unique-operator-081908.framer.app/projects/enhancing-e-commerce-cx.html]
[unique-operator-081908.framer.app/projects/metta-stool.html]
